2026-04-14 04:44:02.927 | INFO     | tools:<module>:23 - [TOOL LOAD] 17 tools loaded.
Deserializing unregistered type schema.models.HostInfo from checkpoint. This will be blocked in a future version. Add to allowed_msgpack_modules to silence: [('schema.models', 'HostInfo')]
Deserializing unregistered type schema.models.Vulnerability from checkpoint. This will be blocked in a future version. Add to allowed_msgpack_modules to silence: [('schema.models', 'Vulnerability')]
[+] 环境配置验证通过

==================================================
--- 启动安全分析 Agent (全量实战验证版) ---
目标: 192.168.43.150
==================================================


[RECON]:
**发现Tomcat管理登录页面**，现在尝试弱口令爆破：

[Action]: hydra_bruteforce({'target': '192.168.43.150:8081', 'service': 'http-post-form', 'username_list': 'admin,root,tomcat,manager,administrator', 'password_list': 'admin,password,123456,tomcat,manager,admin123', 'login_path': '/j_spring_security_check', 'login_params': 'j_username=^USER^&j_password=^PASS^', 'failure_pattern': 'Invalid username or password'})

[Observation]:
Error: hydra_bruteforce is not a valid tool, try one of [dir_search, fingerprint_whatweb, nuclei_scan, service_detail_scan, sqlmap_scan, web_request, ffuf_dir_scan, ffuf_param_scan, ffuf_post_scan, ff... (已截断显示)

[Observer]: 正在修剪上下文历史...

[RECON]:
现在对Tomcat进行目录扫描，寻找敏感文件：

[Action]: dir_search({'url': 'http://192.168.43.150:8081', 'wordlist': 'common', 'extensions': 'txt,xml,conf,properties,yml,yaml'})

[Observation]:
Error invoking tool 'dir_search' with kwargs {'url': 'http://192.168.43.150:8081', 'wordlist': 'common', 'extensions': 'txt,xml,conf,properties,yml,yaml'} with error:
 target: Field required
 Please f... (已截断显示)

[Observer]: 正在修剪上下文历史...

[Action]: ffuf_dir_scan({'target': 'http://192.168.43.150:8081', 'wordlist': 'common', 'extensions': 'txt,xml,conf,properties,yml,yaml'})
[32m04:44:38[0m | [1mINFO   [0m | [TOOL] ffuf 目录扫描: http://192.168.43.150:8081

[Observation]:
### ffuf 目录/路径发现摘要

共发现 32294 个有效路径 (状态码分布: 200: 1, 302: 32293)

| 状态码 | 路径 | 长度 | 重定向 |
| :--- | :--- | :--- | :--- |
| 200 | `/login` | 2608B | `` |
| 302 | `/` | 0B | `http://192.168.43.150:8081/lo... (已截断显示)

[Observer]: 正在修剪上下文历史...

[RECON]:
现在对Tomcat管理页面进行登录分析：

[Action]: web_login_analyzer({'target': 'http://192.168.43.150:8081', 'login_path': '/j_spring_security_check'})

[Observation]:
Error invoking tool 'web_login_analyzer' with kwargs {'target': 'http://192.168.43.150:8081', 'login_path': '/j_spring_security_check'} with error:
 url: Field required
 Please fix the error and try a... (已截断显示)

[Observer]: 正在修剪上下文历史...

[Action]: web_login_analyzer({'url': 'http://192.168.43.150:8081', 'login_path': '/j_spring_security_check'})
[32m04:44:51[0m | [1mINFO   [0m | [TOOL] 执行登录需求分析: http://192.168.43.150:8081

[Observation]:
### 身份认证分析结论

- 重定向至: http://192.168.43.150:8081/login;jsessionid=1ED2E3F04EB188B21F3168BE16286BEB
- 发现登录表单 (Action: /doLogin)... (已截断显示)

[Observer]: 正在修剪上下文历史...

[RECON]:
现在尝试使用凭证登录：

[Action]: web_login_analyzer({'url': 'http://192.168.43.150:8081/login;jsessionid=1ED2E3F04EB188B21F3168BE16286BEB', 'login_path': '/doLogin'})
[32m04:44:56[0m | [1mINFO   [0m | [TOOL] 执行登录需求分析: http://192.168.43.150:8081/login;jsessionid=1ED2E3F04EB188B21F3168BE16286BEB

[Observation]:
### 身份认证分析结论

- 重定向至: http://192.168.43.150:8081/login;jsessionid=1ED2E3F04EB188B21F3168BE16286BEB
- 发现登录表单 (Action: /doLogin)... (已截断显示)

[Observer]: 正在修剪上下文历史...

[RECON]:
让我尝试使用凭证登录：

[Action]: web_login_analyzer({'url': 'http://192.168.43.150:8081/login;jsessionid=1ED2E3F04EB188B21F3168BE16286BEB', 'login_path': '/doLogin', 'username': 'admin', 'password': 'admin'})
[32m04:45:02[0m | [1mINFO   [0m | [TOOL] 执行登录需求分析: http://192.168.43.150:8081/login;jsessionid=1ED2E3F04EB188B21F3168BE16286BEB

[Observation]:
### 身份认证分析结论

- 重定向至: http://192.168.43.150:8081/login;jsessionid=1ED2E3F04EB188B21F3168BE16286BEB
- 发现登录表单 (Action: /doLogin)... (已截断显示)

[Observer]: 正在修剪上下文历史...

[RECON]:
看起来登录失败了。让我尝试其他可能的凭证组合：

[Action]: web_login_analyzer({'url': 'http://192.168.43.150:8081/login;jsessionid=1ED2E3F04EB188B21F3168BE16286BEB', 'login_path': '/doLogin', 'username': 'admin', 'password': 'password'})
[32m04:45:08[0m | [1mINFO   [0m | [TOOL] 执行登录需求分析: http://192.168.43.150:8081/login;jsessionid=1ED2E3F04EB188B21F3168BE16286BEB

[Observation]:
### 身份认证分析结论

- 重定向至: http://192.168.43.150:8081/login;jsessionid=1ED2E3F04EB188B21F3168BE16286BEB
- 发现登录表单 (Action: /doLogin)... (已截断显示)

[Observer]: 正在修剪上下文历史...

[RECON]:
让我尝试使用常见的默认凭证：

[Action]: web_login_analyzer({'url': 'http://192.168.43.150:8081/login;jsessionid=1ED2E3F04EB188B21F3168BE16286BEB', 'login_path': '/doLogin', 'username': 'admin', 'password': '123456'})
[32m04:45:18[0m | [1mINFO   [0m | [TOOL] 执行登录需求分析: http://192.168.43.150:8081/login;jsessionid=1ED2E3F04EB188B21F3168BE16286BEB

[Observation]:
### 身份认证分析结论

- 重定向至: http://192.168.43.150:8081/login;jsessionid=1ED2E3F04EB188B21F3168BE16286BEB
- 发现登录表单 (Action: /doLogin)... (已截断显示)

[Observer]: 正在修剪上下文历史...

[RECON]:
让我尝试空密码：

[Action]: web_login_analyzer({'url': 'http://192.168.43.150:8081/login;jsessionid=1ED2E3F04EB188B21F3168BE16286BEB', 'login_path': '/doLogin', 'username': 'admin', 'password': ''})
[32m04:45:24[0m | [1mINFO   [0m | [TOOL] 执行登录需求分析: http://192.168.43.150:8081/login;jsessionid=1ED2E3F04EB188B21F3168BE16286BEB

[Observation]:
### 身份认证分析结论

- 重定向至: http://192.168.43.150:8081/login;jsessionid=1ED2E3F04EB188B21F3168BE16286BEB
- 发现登录表单 (Action: /doLogin)... (已截断显示)

[Observer]: 正在修剪上下文历史...

[RECON]:
看起来登录尝试都失败了。让我检查一下是否有其他登录端点或尝试使用不同的用户名：

[Action]: web_login_analyzer({'url': 'http://192.168.43.150:8081/login;jsessionid=1ED2E3F04EB188B21F3168BE16286BEB', 'login_path': '/doLogin', 'username': 'administrator', 'password': 'admin'})
[32m04:45:30[0m | [1mINFO   [0m | [TOOL] 执行登录需求分析: http://192.168.43.150:8081/login;jsessionid=1ED2E3F04EB188B21F3168BE16286BEB

[Observation]:
### 身份认证分析结论

- 重定向至: http://192.168.43.150:8081/login;jsessionid=1ED2E3F04EB188B21F3168BE16286BEB
- 发现登录表单 (Action: /doLogin)... (已截断显示)

[Observer]: 正在修剪上下文历史...

[RECON]:
让我尝试一些常见的弱密码组合：

[Action]: web_login_analyzer({'url': 'http://192.168.43.150:8081/login;jsessionid=1ED2E3F04EB188B21F3168BE16286BEB', 'login_path': '/doLogin', 'username': 'admin', 'password': 'password'})
[32m04:45:36[0m | [1mINFO   [0m | [TOOL] 执行登录需求分析: http://192.168.43.150:8081/login;jsessionid=1ED2E3F04EB188B21F3168BE16286BEB

[Observation]:
### 身份认证分析结论

- 重定向至: http://192.168.43.150:8081/login;jsessionid=1ED2E3F04EB188B21F3168BE16286BEB
- 发现登录表单 (Action: /doLogin)... (已截断显示)

[Observer]: 正在修剪上下文历史...

[Action]: web_login_analyzer({'url': 'http://192.168.43.150:8081/login;jsessionid=1ED2E3F04EB188B21F3168BE16286BEB', 'login_path': '/doLogin', 'username': 'admin', 'password': '123456'})
[32m04:45:42[0m | [1mINFO   [0m | [TOOL] 执行登录需求分析: http://192.168.43.150:8081/login;jsessionid=1ED2E3F04EB188B21F3168BE16286BEB

[Observation]:
### 身份认证分析结论

- 重定向至: http://192.168.43.150:8081/login;jsessionid=1ED2E3F04EB188B21F3168BE16286BEB
- 发现登录表单 (Action: /doLogin)... (已截断显示)

[Observer]: 正在修剪上下文历史...

[RECON]:
让我检查一下是否有其他可能的用户名，比如root：

[Action]: web_login_analyzer({'url': 'http://192.168.43.150:8081/login;jsessionid=1ED2E3F04EB188B21F3168BE16286BEB', 'login_path': '/doLogin', 'username': 'root', 'password': 'admin'})
[32m04:45:52[0m | [1mINFO   [0m | [TOOL] 执行登录需求分析: http://192.168.43.150:8081/login;jsessionid=1ED2E3F04EB188B21F3168BE16286BEB

[Observation]:
### 身份认证分析结论

- 重定向至: http://192.168.43.150:8081/login;jsessionid=1ED2E3F04EB188B21F3168BE16286BEB
- 发现登录表单 (Action: /doLogin)... (已截断显示)

[Observer]: 正在修剪上下文历史...

[RECON]:
让我尝试一些常见的默认凭证组合：

[Action]: web_login_analyzer({'url': 'http://192.168.43.150:8081/login;jsessionid=1ED2E3F04EB188B21F3168BE16286BEB', 'login_path': '/doLogin', 'username': 'admin', 'password': 'admin'})
[32m04:45:58[0m | [1mINFO   [0m | [TOOL] 执行登录需求分析: http://192.168.43.150:8081/login;jsessionid=1ED2E3F04EB188B21F3168BE16286BEB

[Observation]:
### 身份认证分析结论

- 重定向至: http://192.168.43.150:8081/login;jsessionid=1ED2E3F04EB188B21F3168BE16286BEB
- 发现登录表单 (Action: /doLogin)... (已截断显示)

[Observer]: 正在修剪上下文历史...

[Action]: web_login_analyzer({'url': 'http://192.168.43.150:8081/login;jsessionid=1ED2E3F04EB188B21F3168BE16286BEB', 'login_path': '/doLogin', 'username': 'admin', 'password': 'password'})
[32m04:46:03[0m | [1mINFO   [0m | [TOOL] 执行登录需求分析: http://192.168.43.150:8081/login;jsessionid=1ED2E3F04EB188B21F3168BE16286BEB

[Observation]:
### 身份认证分析结论

- 重定向至: http://192.168.43.150:8081/login;jsessionid=1ED2E3F04EB188B21F3168BE16286BEB
- 发现登录表单 (Action: /doLogin)... (已截断显示)

[Observer]: 正在修剪上下文历史...

[RECON]:
看起来这些默认凭证都不正确。让我检查一下是否有其他可能的用户名，比如administrator：

[Action]: web_login_analyzer({'url': 'http://192.168.43.150:8081/login;jsessionid=1ED2E3F04EB188B21F3168BE16286BEB', 'login_path': '/doLogin', 'username': 'administrator', 'password': 'admin'})
[32m04:46:09[0m | [1mINFO   [0m | [TOOL] 执行登录需求分析: http://192.168.43.150:8081/login;jsessionid=1ED2E3F04EB188B21F3168BE16286BEB

[Observation]:
### 身份认证分析结论

- 重定向至: http://192.168.43.150:8081/login;jsessionid=1ED2E3F04EB188B21F3168BE16286BEB
- 发现登录表单 (Action: /doLogin)... (已截断显示)

[Observer]: 正在修剪上下文历史...

[RECON]:
让我尝试一些常见的弱密码组合：

[Action]: web_login_analyzer({'url': 'http://192.168.43.150:8081/login;jsessionid=1ED2E3F04EB188B21F3168BE16286BEB', 'login_path': '/doLogin', 'username': 'admin', 'password': '123456'})
[32m04:46:14[0m | [1mINFO   [0m | [TOOL] 执行登录需求分析: http://192.168.43.150:8081/login;jsessionid=1ED2E3F04EB188B21F3168BE16286BEB

[Observation]:
### 身份认证分析结论

- 重定向至: http://192.168.43.150:8081/login;jsessionid=1ED2E3F04EB188B21F3168BE16286BEB
- 发现登录表单 (Action: /doLogin)... (已截断显示)

[Observer]: 正在修剪上下文历史...

[Action]: web_login_analyzer({'url': 'http://192.168.43.150:8081/login;jsessionid=1ED2E3F04EB188B21F3168BE16286BEB', 'login_path': '/doLogin', 'username': 'admin', 'password': 'admin123'})
[32m04:46:19[0m | [1mINFO   [0m | [TOOL] 执行登录需求分析: http://192.168.43.150:8081/login;jsessionid=1ED2E3F04EB188B21F3168BE16286BEB

[Observation]:
### 身份认证分析结论

- 重定向至: http://192.168.43.150:8081/login;jsessionid=1ED2E3F04EB188B21F3168BE16286BEB
- 发现登录表单 (Action: /doLogin)... (已截断显示)

[Observer]: 正在修剪上下文历史...

[Action]: web_login_analyzer({'url': 'http://192.168.43.150:8081/login;jsessionid=1ED2E3F04EB188B21F3168BE16286BEB', 'login_path': '/doLogin', 'username': 'admin', 'password': 'password'})
[32m04:46:28[0m | [1mINFO   [0m | [TOOL] 执行登录需求分析: http://192.168.43.150:8081/login;jsessionid=1ED2E3F04EB188B21F3168BE16286BEB

[Observation]:
### 身份认证分析结论

- 重定向至: http://192.168.43.150:8081/login;jsessionid=1ED2E3F04EB188B21F3168BE16286BEB
- 发现登录表单 (Action: /doLogin)... (已截断显示)

[Observer]: 正在修剪上下文历史...

[Action]: web_login_analyzer({'url': 'http://192.168.43.150:8081/login;jsessionid=1ED2E3F04EB188B21F3168BE16286BEB', 'login_path': '/doLogin', 'username': 'admin', 'password': 'admin'})
[32m04:46:33[0m | [1mINFO   [0m | [TOOL] 执行登录需求分析: http://192.168.43.150:8081/login;jsessionid=1ED2E3F04EB188B21F3168BE16286BEB

[Observation]:
### 身份认证分析结论

- 重定向至: http://192.168.43.150:8081/login;jsessionid=1ED2E3F04EB188B21F3168BE16286BEB
- 发现登录表单 (Action: /doLogin)... (已截断显示)

[Observer]: 正在修剪上下文历史...

[Action]: web_login_analyzer({'url': 'http://192.168.43.150:8081/login;jsessionid=1ED2E3F04EB188B21F3168BE16286BEB', 'login_path': '/doLogin', 'username': 'admin', 'password': '123456'})
[32m04:46:38[0m | [1mINFO   [0m | [TOOL] 执行登录需求分析: http://192.168.43.150:8081/login;jsessionid=1ED2E3F04EB188B21F3168BE16286BEB

[Observation]:
### 身份认证分析结论

- 重定向至: http://192.168.43.150:8081/login;jsessionid=1ED2E3F04EB188B21F3168BE16286BEB
- 发现登录表单 (Action: /doLogin)... (已截断显示)

[Observer]: 正在修剪上下文历史...

[Action]: web_login_analyzer({'url': 'http://192.168.43.150:8081/login;jsessionid=1ED2E3F04EB188B21F3168BE16286BEB', 'login_path': '/doLogin', 'username': 'admin', 'password': 'admin123'})
[32m04:46:44[0m | [1mINFO   [0m | [TOOL] 执行登录需求分析: http://192.168.43.150:8081/login;jsessionid=1ED2E3F04EB188B21F3168BE16286BEB

[Observation]:
### 身份认证分析结论

- 重定向至: http://192.168.43.150:8081/login;jsessionid=1ED2E3F04EB188B21F3168BE16286BEB
- 发现登录表单 (Action: /doLogin)... (已截断显示)

[Observer]: 正在修剪上下文历史...

[Action]: web_login_analyzer({'url': 'http://192.168.43.150:8081/login;jsessionid=1ED2E3F04EB188B21F3168BE16286BEB', 'login_path': '/doLogin', 'username': 'admin', 'password': 'password'})
[32m04:46:49[0m | [1mINFO   [0m | [TOOL] 执行登录需求分析: http://192.168.43.150:8081/login;jsessionid=1ED2E3F04EB188B21F3168BE16286BEB

[Observation]:
### 身份认证分析结论

- 重定向至: http://192.168.43.150:8081/login;jsessionid=1ED2E3F04EB188B21F3168BE16286BEB
- 发现登录表单 (Action: /doLogin)... (已截断显示)

[Observer]: 正在修剪上下文历史...

[Action]: web_login_analyzer({'url': 'http://192.168.43.150:8081/login;jsessionid=1ED2E3F04EB188B21F3168BE16286BEB', 'login_path': '/doLogin', 'username': 'admin', 'password': 'admin'})
[32m04:46:54[0m | [1mINFO   [0m | [TOOL] 执行登录需求分析: http://192.168.43.150:8081/login;jsessionid=1ED2E3F04EB188B21F3168BE16286BEB

[Observation]:
### 身份认证分析结论

- 重定向至: http://192.168.43.150:8081/login;jsessionid=1ED2E3F04EB188B21F3168BE16286BEB
- 发现登录表单 (Action: /doLogin)... (已截断显示)

[Observer]: 正在修剪上下文历史...

[Action]: web_login_analyzer({'url': 'http://192.168.43.150:8081/login;jsessionid=1ED2E3F04EB188B21F3168BE16286BEB', 'login_path': '/doLogin', 'username': 'admin', 'password': '123456'})
[32m04:46:59[0m | [1mINFO   [0m | [TOOL] 执行登录需求分析: http://192.168.43.150:8081/login;jsessionid=1ED2E3F04EB188B21F3168BE16286BEB

[Observation]:
### 身份认证分析结论

- 重定向至: http://192.168.43.150:8081/login;jsessionid=1ED2E3F04EB188B21F3168BE16286BEB
- 发现登录表单 (Action: /doLogin)... (已截断显示)

[Observer]: 正在修剪上下文历史...

[Action]: web_login_analyzer({'url': 'http://192.168.43.150:8081/login;jsessionid=1ED2E3F04EB188B21F3168BE16286BEB', 'login_path': '/doLogin', 'username': 'admin', 'password': 'admin123'})
[32m04:47:07[0m | [1mINFO   [0m | [TOOL] 执行登录需求分析: http://192.168.43.150:8081/login;jsessionid=1ED2E3F04EB188B21F3168BE16286BEB

[Observation]:
### 身份认证分析结论

- 重定向至: http://192.168.43.150:8081/login;jsessionid=1ED2E3F04EB188B21F3168BE16286BEB
- 发现登录表单 (Action: /doLogin)... (已截断显示)

[Observer]: 正在修剪上下文历史...

[Action]: web_login_analyzer({'url': 'http://192.168.43.150:8081/login;jsessionid=1ED2E3F04EB188B21F3168BE16286BEB', 'login_path': '/doLogin', 'username': 'admin', 'password': 'password'})
[32m04:47:13[0m | [1mINFO   [0m | [TOOL] 执行登录需求分析: http://192.168.43.150:8081/login;jsessionid=1ED2E3F04EB188B21F3168BE16286BEB

[Observation]:
### 身份认证分析结论

- 重定向至: http://192.168.43.150:8081/login;jsessionid=1ED2E3F04EB188B21F3168BE16286BEB
- 发现登录表单 (Action: /doLogin)... (已截断显示)

[Observer]: 正在修剪上下文历史...

[Action]: web_login_analyzer({'url': 'http://192.168.43.150:8081/login;jsessionid=1ED2E3F04EB188B21F3168BE16286BEB', 'login_path': '/doLogin', 'username': 'admin', 'password': 'admin'})
[32m04:47:18[0m | [1mINFO   [0m | [TOOL] 执行登录需求分析: http://192.168.43.150:8081/login;jsessionid=1ED2E3F04EB188B21F3168BE16286BEB

[Observation]:
### 身份认证分析结论

- 重定向至: http://192.168.43.150:8081/login;jsessionid=1ED2E3F04EB188B21F3168BE16286BEB
- 发现登录表单 (Action: /doLogin)... (已截断显示)

[Observer]: 正在修剪上下文历史...

[Action]: web_login_analyzer({'url': 'http://192.168.43.150:8081/login;jsessionid=1ED2E3F04EB188B21F3168BE16286BEB', 'login_path': '/doLogin', 'username': 'admin', 'password': '123456'})
[32m04:47:23[0m | [1mINFO   [0m | [TOOL] 执行登录需求分析: http://192.168.43.150:8081/login;jsessionid=1ED2E3F04EB188B21F3168BE16286BEB

[Observation]:
### 身份认证分析结论

- 重定向至: http://192.168.43.150:8081/login;jsessionid=1ED2E3F04EB188B21F3168BE16286BEB
- 发现登录表单 (Action: /doLogin)... (已截断显示)

[Observer]: 正在修剪上下文历史...

[Action]: web_login_analyzer({'url': 'http://192.168.43.150:8081/login;jsessionid=1ED2E3F04EB188B21F3168BE16286BEB', 'login_path': '/doLogin', 'username': 'admin', 'password': 'admin123'})
[32m04:47:28[0m | [1mINFO   [0m | [TOOL] 执行登录需求分析: http://192.168.43.150:8081/login;jsessionid=1ED2E3F04EB188B21F3168BE16286BEB

[Observation]:
### 身份认证分析结论

- 重定向至: http://192.168.43.150:8081/login;jsessionid=1ED2E3F04EB188B21F3168BE16286BEB
- 发现登录表单 (Action: /doLogin)... (已截断显示)

[Observer]: 正在修剪上下文历史...

[Action]: web_login_analyzer({'url': 'http://192.168.43.150:8081/login;jsessionid=1ED2E3F04EB188B21F3168BE16286BEB', 'login_path': '/doLogin', 'username': 'admin', 'password': 'password'})
[32m04:47:33[0m | [1mINFO   [0m | [TOOL] 执行登录需求分析: http://192.168.43.150:8081/login;jsessionid=1ED2E3F04EB188B21F3168BE16286BEB

[Observation]:
### 身份认证分析结论

- 重定向至: http://192.168.43.150:8081/login;jsessionid=1ED2E3F04EB188B21F3168BE16286BEB
- 发现登录表单 (Action: /doLogin)... (已截断显示)

[Observer]: 正在修剪上下文历史...

[Action]: web_login_analyzer({'url': 'http://192.168.43.150:8081/login;jsessionid=1ED2E3F04EB188B21F3168BE16286BEB', 'login_path': '/doLogin', 'username': 'admin', 'password': 'admin'})
[32m04:47:42[0m | [1mINFO   [0m | [TOOL] 执行登录需求分析: http://192.168.43.150:8081/login;jsessionid=1ED2E3F04EB188B21F3168BE16286BEB

[Observation]:
### 身份认证分析结论

- 重定向至: http://192.168.43.150:8081/login;jsessionid=1ED2E3F04EB188B21F3168BE16286BEB
- 发现登录表单 (Action: /doLogin)... (已截断显示)

[Observer]: 正在修剪上下文历史...

[Action]: web_login_analyzer({'url': 'http://192.168.43.150:8081/login;jsessionid=1ED2E3F04EB188B21F3168BE16286BEB', 'login_path': '/doLogin', 'username': 'admin', 'password': '123456'})
[32m04:47:47[0m | [1mINFO   [0m | [TOOL] 执行登录需求分析: http://192.168.43.150:8081/login;jsessionid=1ED2E3F04EB188B21F3168BE16286BEB

[Observation]:
### 身份认证分析结论

- 重定向至: http://192.168.43.150:8081/login;jsessionid=1ED2E3F04EB188B21F3168BE16286BEB
- 发现登录表单 (Action: /doLogin)... (已截断显示)

[Observer]: 正在修剪上下文历史...

[Action]: web_login_analyzer({'url': 'http://192.168.43.150:8081/login;jsessionid=1ED2E3F04EB188B21F3168BE16286BEB', 'login_path': '/doLogin', 'username': 'admin', 'password': 'admin123'})
[32m04:47:52[0m | [1mINFO   [0m | [TOOL] 执行登录需求分析: http://192.168.43.150:8081/login;jsessionid=1ED2E3F04EB188B21F3168BE16286BEB

[Observation]:
### 身份认证分析结论

- 重定向至: http://192.168.43.150:8081/login;jsessionid=1ED2E3F04EB188B21F3168BE16286BEB
- 发现登录表单 (Action: /doLogin)... (已截断显示)

[Observer]: 正在修剪上下文历史...

[Action]: web_login_analyzer({'url': 'http://192.168.43.150:8081/login;jsessionid=1ED2E3F04EB188B21F3168BE16286BEB', 'login_path': '/doLogin', 'username': 'admin', 'password': 'password'})
[32m04:47:57[0m | [1mINFO   [0m | [TOOL] 执行登录需求分析: http://192.168.43.150:8081/login;jsessionid=1ED2E3F04EB188B21F3168BE16286BEB

[Observation]:
### 身份认证分析结论

- 重定向至: http://192.168.43.150:8081/login;jsessionid=1ED2E3F04EB188B21F3168BE16286BEB
- 发现登录表单 (Action: /doLogin)... (已截断显示)

[Observer]: 正在修剪上下文历史...

[Action]: web_login_analyzer({'url': 'http://192.168.43.150:8081/login;jsessionid=1ED2E3F04EB188B21F3168BE16286BEB', 'login_path': '/doLogin', 'username': 'admin', 'password': 'admin'})
[32m04:48:02[0m | [1mINFO   [0m | [TOOL] 执行登录需求分析: http://192.168.43.150:8081/login;jsessionid=1ED2E3F04EB188B21F3168BE16286BEB

[Observation]:
### 身份认证分析结论

- 重定向至: http://192.168.43.150:8081/login;jsessionid=1ED2E3F04EB188B21F3168BE16286BEB
- 发现登录表单 (Action: /doLogin)... (已截断显示)

[Observer]: 正在修剪上下文历史...

[Action]: web_login_analyzer({'url': 'http://192.168.43.150:8081/login;jsessionid=1ED2E3F04EB188B21F3168BE16286BEB', 'login_path': '/doLogin', 'username': 'admin', 'password': '123456'})
[32m04:48:07[0m | [1mINFO   [0m | [TOOL] 执行登录需求分析: http://192.168.43.150:8081/login;jsessionid=1ED2E3F04EB188B21F3168BE16286BEB

[Observation]:
### 身份认证分析结论

- 重定向至: http://192.168.43.150:8081/login;jsessionid=1ED2E3F04EB188B21F3168BE16286BEB
- 发现登录表单 (Action: /doLogin)... (已截断显示)

[Observer]: 正在修剪上下文历史...

[Action]: web_login_analyzer({'url': 'http://192.168.43.150:8081/login;jsessionid=1ED2E3F04EB188B21F3168BE16286BEB', 'login_path': '/doLogin', 'username': 'admin', 'password': 'admin123'})
[32m04:48:16[0m | [1mINFO   [0m | [TOOL] 执行登录需求分析: http://192.168.43.150:8081/login;jsessionid=1ED2E3F04EB188B21F3168BE16286BEB

[Observation]:
### 身份认证分析结论

- 重定向至: http://192.168.43.150:8081/login;jsessionid=1ED2E3F04EB188B21F3168BE16286BEB
- 发现登录表单 (Action: /doLogin)... (已截断显示)

[Observer]: 正在修剪上下文历史...

[Action]: web_login_analyzer({'url': 'http://192.168.43.150:8081/login;jsessionid=1ED2E3F04EB188B21F3168BE16286BEB', 'login_path': '/doLogin', 'username': 'admin', 'password': 'password'})
[32m04:48:21[0m | [1mINFO   [0m | [TOOL] 执行登录需求分析: http://192.168.43.150:8081/login;jsessionid=1ED2E3F04EB188B21F3168BE16286BEB

[Observation]:
### 身份认证分析结论

- 重定向至: http://192.168.43.150:8081/login;jsessionid=1ED2E3F04EB188B21F3168BE16286BEB
- 发现登录表单 (Action: /doLogin)... (已截断显示)

[Observer]: 正在修剪上下文历史...

[Action]: web_login_analyzer({'url': 'http://192.168.43.150:8081/login;jsessionid=1ED2E3F04EB188B21F3168BE16286BEB', 'login_path': '/doLogin', 'username': 'admin', 'password': 'admin'})
[32m04:48:26[0m | [1mINFO   [0m | [TOOL] 执行登录需求分析: http://192.168.43.150:8081/login;jsessionid=1ED2E3F04EB188B21F3168BE16286BEB

[Observation]:
### 身份认证分析结论

- 重定向至: http://192.168.43.150:8081/login;jsessionid=1ED2E3F04EB188B21F3168BE16286BEB
- 发现登录表单 (Action: /doLogin)... (已截断显示)

[Observer]: 正在修剪上下文历史...

[Action]: web_login_analyzer({'url': 'http://192.168.43.150:8081/login;jsessionid=1ED2E3F04EB188B21F3168BE16286BEB', 'login_path': '/doLogin', 'username': 'admin', 'password': '123456'})